✖ recorded seed 10 transition joins before the old recovery loop can form (181.0685ms)
ℹ tests 1
ℹ suites 0
ℹ pass 0
ℹ fail 1
ℹ cancelled 0
ℹ skipped 0
ℹ todo 0
ℹ duration_ms 245.6606

✖ failing tests:

test at tests\ultimate-regression.test.cjs:47:1
✖ recorded seed 10 transition joins before the old recovery loop can form (181.0685ms)
  AssertionError [ERR_ASSERTION]: must join the intended ordering within one board lap
  
  false !== true
  
      at TestContext.<anonymous> (D:\isaac-lab\PixelSnake\tests\ultimate-regression.test.cjs:59:9)
      at Test.runInAsyncScope (node:async_hooks:227:14)
      at Test.run (node:internal/test_runner/test:1382:25)
      at Test.start (node:internal/test_runner/test:1242:17)
      at startSubtestAfterBootstrap (node:internal/test_runner/harness:387:17) {
    generatedMessage: false,
    code: 'ERR_ASSERTION',
    actual: false,
    expected: true,
    operator: 'strictEqual',
    diff: 'simple'
  }
